{
    "Should run without failures": {
        "content": [
            {
                "beds": [
                    [
                        {
                            "id": "test",
                            "scatter": 2
                        },
                        [
                            "test.00001.bed:md5,d58e5e46c2fcc3b8be5db0f023e93cb5",
                            "test.00002.bed:md5,03caf952e9297a54620d2bbba8dc2823"
                        ]
                    ]
                ],
                "versions": [
                    "versions.yml:md5,b3de37d944970e1b8dd9f85b8fb2c1a2"
                ]
            }
        ],
        "timestamp": "2022-11-15T15:09:58+0000"
    }
}