{
    "Should run without failures": {
        "content": [
            {
                "intersect": [
                    [
                        {
                            "id": "test"
                        },
                        "test_out.bed:md5,afcbf01c2f2013aad71dbe8e34f2c15c"
                    ]
                ],
                "versions": [
                    "versions.yml:md5,b75347c6df1358fdf017dbe47c18af7f"
                ]
            }
        ],
        "timestamp": "2022-11-15T15:24:30+0000"
    },
    "Should run with bam file": {
        "content": [
            {
                "intersect": [
                    [
                        {
                            "id": "test"
                        },
                        "test_out.bam:md5,738324efe2b1e442ceb6539a630c3fe6"
                    ]
                ],
                "versions": [
                    "versions.yml:md5,b75347c6df1358fdf017dbe47c18af7f"
                ]
            }
        ],
        "timestamp": "2022-11-15T15:24:30+0000"
    }
}